// Jest Snapshot v1, https://goo.gl/fbAQLP

exports[`InlineImage renders correctly 1`] = `
<picture>
  <source
    media="(min-width: 1500px)"
    srcSet="https://example.com/?w=1200&fit=scale"
  />
  <source
    media="(min-width: 720px)"
    srcSet="https://example.com/?w=1100&fit=scale"
  />
  <source
    media="(min-width: 400px)"
    srcSet="https://example.com/?w=500&fit=scale"
  />
  <img
    alt="A cool picture"
    css={
      Array [
        "
          max-width: 100%;
        ",
      ]
    }
    src="https://example.com/?w=300&fit=scale"
  />
</picture>
`;
