// Jest Snapshot v1, https://goo.gl/fbAQLP

exports[`ArticleFormatting renders correctly 1`] = `
<article
  css={
    Object {
      "map": undefined,
      "name": "1nomv4n",
      "next": undefined,
      "styles": "
      position: relative;
      width: 80%;
      max-width: 1200px;
      margin: 0 auto 4rem auto;
      padding-bottom: 0;
      border: none;
      word-wrap: break-word;
      @media only screen and (max-width: 900px) {
        font-size: 0.95em;
      }
      @media only screen and (max-width: 500px) {
        width: auto;
        margin: 2rem 16px;
        padding-bottom: 2rem;
        line-height: 1.65em;
      }
    ",
      "toString": [Function],
    }
  }
>
  <Component />
</article>
`;
