// Jest Snapshot v1, https://goo.gl/fbAQLP

exports[`ArticleCategory renders correctly 1`] = `
.c0 {
  font-family: 'Roboto',-apple-system,'.SFNSText-Regular','San Francisco','Segoe UI','Helvetica Neue','Lucida Grande',sans-serif;
  font-weight: 500;
  cursor: pointer;
  display: -webkit-inline-box;
  display: -webkit-inline-flex;
  display: -ms-inline-flexbox;
  display: inline-flex;
  -webkit-align-items: center;
  -webkit-box-align: center;
  -ms-flex-align: center;
  align-items: center;
  -webkit-transition: color 0.15s ease-in-out;
  transition: color 0.15s ease-in-out;
}

.c0,
.c0:link,
.c0:visited {
  color: #252A31;
  -webkit-text-decoration: underline;
  text-decoration: underline;
  font-weight: 500;
}

.c0:hover,
.c0:active {
  -webkit-text-decoration: none;
  text-decoration: none;
  color: #00A991;
}

.c0:hover .TextLink__IconContainer-sc-1bvlje4-0,
.c0:active .TextLink__IconContainer-sc-1bvlje4-0 {
  color: #00A991;
}

.c0:focus {
  outline: none;
  background: rgba(95,115,140,0.1);
  box-shadow: 0 0 0 4px rgba(95,115,140,0.1);
}

.c0:focus:not(:focus-visible) {
  background: rgba(95,115,140,0.1);
  box-shadow: 0 0 0 4px rgba(95,115,140,0.1);
}

.c0:-moz-focusring,
.c0:focus-visible {
  background: rgba(95,115,140,0.1);
  box-shadow: 0 0 0 4px rgba(95,115,140,0.1);
}

<span>
   in 
  <span>
    <a
      className="c0"
      href="/category/education"
      onClick={[Function]}
      rel=""
    >
      Education
    </a>
  </span>
</span>
`;
