// Jest Snapshot v1, https://goo.gl/fbAQLP

exports[`AuthorInfo renders correctly 1`] = `
Array [
  .c2 {
  font-family: 'Roboto',-apple-system,'.SFNSText-Regular','San Francisco','Segoe UI','Helvetica Neue','Lucida Grande',sans-serif;
  font-weight: 500;
  cursor: pointer;
  display: -webkit-inline-box;
  display: -webkit-inline-flex;
  display: -ms-inline-flexbox;
  display: inline-flex;
  -webkit-align-items: center;
  -webkit-box-align: center;
  -ms-flex-align: center;
  align-items: center;
  -webkit-transition: color 0.15s ease-in-out;
  transition: color 0.15s ease-in-out;
}

.c2,
.c2:link,
.c2:visited {
  color: #252A31;
  -webkit-text-decoration: underline;
  text-decoration: underline;
  font-weight: 500;
}

.c2:hover,
.c2:active,
.c2:focus {
  outline: none;
  -webkit-text-decoration: none;
  text-decoration: none;
  color: #009882;
}

.c3 a:not(.c1),
.c3 a:not(.c1):link,
.c3 a:not(.c1):visited {
  color: #007F6D;
  -webkit-text-decoration: underline;
  text-decoration: underline;
  font-weight: 500;
}

.c3 a:not(.c1):hover,
.c3 a:not(.c1):active,
.c3 a:not(.c1):focus {
  outline: none;
  -webkit-text-decoration: none;
  text-decoration: none;
  color: #009882;
}

.c0 {
  font-family: 'Roboto',-apple-system,'.SFNSText-Regular','San Francisco','Segoe UI','Helvetica Neue','Lucida Grande',sans-serif;
  font-size: 14px;
  font-weight: 500;
  color: #252A31;
  line-height: 20px;
  margin: 0;
  margin-bottom: 8px;
}

<div
    className="c0"
  >
    <a
      className="c1 c2"
      href="/aaron-collier"
      onClick={[Function]}
    >
      Aaron Collier
    </a>
  </div>,
  .c2 {
  font-family: 'Roboto',-apple-system,'.SFNSText-Regular','San Francisco','Segoe UI','Helvetica Neue','Lucida Grande',sans-serif;
  font-weight: 500;
  cursor: pointer;
  display: -webkit-inline-box;
  display: -webkit-inline-flex;
  display: -ms-inline-flexbox;
  display: inline-flex;
  -webkit-align-items: center;
  -webkit-box-align: center;
  -ms-flex-align: center;
  align-items: center;
  -webkit-transition: color 0.15s ease-in-out;
  transition: color 0.15s ease-in-out;
}

.c2,
.c2:link,
.c2:visited {
  color: #007F6D;
  -webkit-text-decoration: underline;
  text-decoration: underline;
  font-weight: 500;
}

.c2:hover,
.c2:active,
.c2:focus {
  outline: none;
  -webkit-text-decoration: none;
  text-decoration: none;
  color: #009882;
}

.c0 {
  font-family: 'Roboto',-apple-system,'.SFNSText-Regular','San Francisco','Segoe UI','Helvetica Neue','Lucida Grande',sans-serif;
  font-size: 14px;
  font-weight: 400;
  color: #252A31;
  line-height: 20px;
  text-align: left;
  margin: 0;
  margin-bottom: 8px;
}

.c0 a:not(.c1),
.c0 a:not(.c1):link,
.c0 a:not(.c1):visited {
  color: #007F6D;
  -webkit-text-decoration: underline;
  text-decoration: underline;
  font-weight: 500;
}

.c0 a:not(.c1):hover,
.c0 a:not(.c1):active,
.c0 a:not(.c1):focus {
  outline: none;
  -webkit-text-decoration: none;
  text-decoration: none;
  color: #009882;
}

<p
    className="c0"
  >
    Originally from 
    <a
      className="c1 c2"
      href="https://en.wikipedia.org/wiki/Lexington,_Massachusetts"
      onClick={[Function]}
    >
      Lexington
    </a>
     and now residing in 
    <a
      className="c1 c2"
      href="https://www.gotobrno.cz/en/"
      onClick={[Function]}
    >
      Brno
    </a>
    , Aaron is an educator, editor, and elucidator.
  </p>,
]
`;
